// Jest Snapshot v1, https://goo.gl/fbAQLP

exports[`tests for AccountSummary component should render correctly 1`] = `
<View
  pointerEvents="box-none"
  style={
    Object {
      "flex": 1,
    }
  }
>
  <View
    collapsable={true}
    pointerEvents="box-none"
    style={
      Object {
        "flex": 1,
      }
    }
  >
    <View
      style={
        Array [
          Object {
            "backgroundColor": "#fff",
            "borderRadius": 5,
            "elevation": 2,
            "marginHorizontal": 10,
            "marginVertical": 5,
            "padding": 10,
            "shadowColor": "#ccc",
            "shadowOffset": Object {
              "height": 3,
              "width": 0,
            },
            "shadowOpacity": 1,
            "shadowRadius": 5,
          },
          Object {
            "backgroundColor": "tomato",
            "flex": 1,
            "justifyContent": "space-evenly",
            "margin": 10,
            "minHeight": 82,
            "padding": 10,
            "width": 730,
          },
        ]
      }
    >
      <View>
        <Text
          style={
            Object {
              "color": "#fff",
              "fontSize": 28,
              "textTransform": "capitalize",
            }
          }
        >
          total balance
        </Text>
        <View
          style={
            Object {
              "alignItems": "flex-end",
              "flexDirection": "row",
            }
          }
        >
          <Text
            style={
              Object {
                "color": "#fff",
                "fontSize": 60,
                "fontWeight": "bold",
              }
            }
          >
            £32,344
          </Text>
          <Text
            style={
              Object {
                "color": "#fff",
                "fontSize": 48,
                "fontWeight": "bold",
                "paddingBottom": 1,
              }
            }
            testID="decimal"
          >
            .
            22
          </Text>
        </View>
      </View>
      <View
        style={
          Object {
            "minHeight": 66,
          }
        }
      >
        <View
          style={
            Object {
              "flexDirection": "row",
              "justifyContent": "space-between",
            }
          }
        >
          <Text
            style={
              Object {
                "color": "#fff",
                "fontSize": 28,
                "textTransform": "capitalize",
              }
            }
          >
            available balance
          </Text>
          <View
            style={
              Object {
                "alignItems": "flex-end",
                "flexDirection": "row",
              }
            }
          >
            <Text
              style={
                Object {
                  "color": "#fff",
                  "fontSize": 28,
                  "fontWeight": "bold",
                }
              }
            >
              £32,567
            </Text>
            <Text
              style={
                Object {
                  "color": "#fff",
                  "fontSize": 22,
                  "paddingBottom": 1,
                }
              }
              testID="decimal"
            >
              .
              55
            </Text>
          </View>
        </View>
        <View
          style={
            Object {
              "flexDirection": "row",
              "justifyContent": "space-between",
            }
          }
        >
          <Text
            style={
              Object {
                "color": "#fff",
                "fontSize": 28,
                "textTransform": "capitalize",
              }
            }
          >
            overdfart
          </Text>
          <View
            style={
              Object {
                "alignItems": "flex-end",
                "flexDirection": "row",
              }
            }
          >
            <Text
              style={
                Object {
                  "color": "#fff",
                  "fontSize": 28,
                  "fontWeight": "bold",
                }
              }
            >
              £400
            </Text>
            <Text
              style={
                Object {
                  "color": "#fff",
                  "fontSize": 22,
                  "paddingBottom": 1,
                }
              }
              testID="decimal"
            >
              .
              00
            </Text>
          </View>
        </View>
      </View>
    </View>
  </View>
</View>
`;
