// Jest Snapshot v1, https://goo.gl/fbAQLP

exports[`tests for AccountList component should render correctly 1`] = `
<View
  pointerEvents="box-none"
  style={
    Object {
      "flex": 1,
    }
  }
>
  <View
    collapsable={true}
    pointerEvents="box-none"
    style={
      Object {
        "flex": 1,
      }
    }
  >
    <View
      style={
        Object {
          "flex": 4,
          "width": 750,
        }
      }
    >
      <ScrollView>
        <View
          style={
            Object {
              "backgroundColor": "#fff",
              "borderRadius": 5,
              "elevation": 2,
              "marginHorizontal": 10,
              "marginVertical": 5,
              "shadowOffset": Object {
                "height": 2,
                "width": 5,
              },
            }
          }
        >
          <Text
            style={
              Object {
                "color": "gray",
                "fontSize": 20,
                "fontWeight": "bold",
                "margin": 10,
                "paddingBottom": 5,
              }
            }
          >
            Savings
          </Text>
          <View>
            <View>
              <TouchableHighlight
                activeOpacity={0.85}
                delayPressOut={100}
                testID="accountClick"
                underlayColor="black"
              >
                <View
                  style={
                    Object {
                      "backgroundColor": "#fff",
                      "margin": 5,
                      "marginVertical": 5,
                      "minHeight": 80,
                      "padding": 5,
                    }
                  }
                >
                  <View
                    style={
                      Object {
                        "flex": 1,
                        "flexDirection": "row",
                        "justifyContent": "space-between",
                      }
                    }
                  >
                    <View>
                      <Text
                        style={
                          Object {
                            "color": "#333",
                            "fontSize": 16,
                          }
                        }
                      >
                        Current Account
                      </Text>
                      <Text
                        style={
                          Object {
                            "color": "gray",
                            "fontSize": 12,
                          }
                        }
                      >
                        ABCTR050000 823232323
                      </Text>
                    </View>
                    <View>
                      <View
                        style={
                          Object {
                            "alignItems": "flex-end",
                            "flex": 1,
                            "flexDirection": "row",
                          }
                        }
                      >
                        <Text
                          style={
                            Object {
                              "fontSize": 25,
                            }
                          }
                        >
                          £32,344
                        </Text>
                        <Text
                          style={
                            Object {
                              "fontSize": 20,
                            }
                          }
                          testID="decimal"
                        >
                          .
                          22
                        </Text>
                      </View>
                    </View>
                  </View>
                </View>
              </TouchableHighlight>
            </View>
            <View
              style={
                Object {
                  "backgroundColor": "#f5f5f5",
                  "height": 1,
                  "marginHorizontal": 10,
                }
              }
            />
          </View>
          <View>
            <View>
              <TouchableHighlight
                activeOpacity={0.85}
                delayPressOut={100}
                testID="accountClick"
                underlayColor="black"
              >
                <View
                  style={
                    Object {
                      "backgroundColor": "#fff",
                      "margin": 5,
                      "marginVertical": 5,
                      "minHeight": 80,
                      "padding": 5,
                    }
                  }
                >
                  <View
                    style={
                      Object {
                        "flex": 1,
                        "flexDirection": "row",
                        "justifyContent": "space-between",
                      }
                    }
                  >
                    <View>
                      <Text
                        style={
                          Object {
                            "color": "#333",
                            "fontSize": 16,
                          }
                        }
                      >
                        Savings Account
                      </Text>
                      <Text
                        style={
                          Object {
                            "color": "gray",
                            "fontSize": 12,
                          }
                        }
                      >
                        ABCTR050000 678904455
                      </Text>
                    </View>
                    <View>
                      <View
                        style={
                          Object {
                            "alignItems": "flex-end",
                            "flex": 1,
                            "flexDirection": "row",
                          }
                        }
                      >
                        <Text
                          style={
                            Object {
                              "fontSize": 25,
                            }
                          }
                        >
                          £456
                        </Text>
                        <Text
                          style={
                            Object {
                              "fontSize": 20,
                            }
                          }
                          testID="decimal"
                        >
                          .
                          50
                        </Text>
                      </View>
                    </View>
                  </View>
                </View>
              </TouchableHighlight>
            </View>
          </View>
        </View>
      </ScrollView>
    </View>
  </View>
</View>
`;
