// Jest Snapshot v1, https://goo.gl/fbAQLP

exports[`tests for AccountList component should render correctly 1`] = `
<View
  pointerEvents="box-none"
  style={
    Object {
      "flex": 1,
    }
  }
>
  <View
    collapsable={true}
    pointerEvents="box-none"
    style={
      Object {
        "flex": 1,
      }
    }
  >
    <View
      style={
        Object {
          "flex": 4,
          "width": 750,
        }
      }
    >
      <ScrollView>
        <View>
          <Text
            style={
              Object {
                "color": "#555",
                "fontSize": 40,
                "fontWeight": "bold",
                "margin": 15,
              }
            }
          >
            Savings
          </Text>
          <View
            style={
              Array [
                Object {
                  "backgroundColor": "#fff",
                  "borderRadius": 5,
                  "elevation": 2,
                  "marginHorizontal": 10,
                  "marginVertical": 5,
                  "padding": 10,
                  "shadowColor": "#ccc",
                  "shadowOffset": Object {
                    "height": 3,
                    "width": 0,
                  },
                  "shadowOpacity": 1,
                  "shadowRadius": 5,
                },
                Object {
                  "backgroundColor": "#039be5",
                  "marginVertical": 5,
                  "minHeight": 197,
                  "padding": 0,
                },
              ]
            }
          >
            <Button
              style={
                Object {
                  "flex": 1,
                  "padding": 10,
                }
              }
              testID="accountClick"
            >
              <View
                style={
                  Object {
                    "flex": 1,
                    "justifyContent": "space-between",
                  }
                }
              >
                <View>
                  <Text
                    style={
                      Object {
                        "color": "#fff",
                        "fontSize": 32,
                      }
                    }
                  >
                    Current Account
                  </Text>
                  <Text
                    style={
                      Object {
                        "color": "#fff",
                        "fontSize": 24,
                      }
                    }
                  >
                    ABCTR050000 823232323
                  </Text>
                </View>
                <View
                  style={
                    Object {
                      "alignSelf": "flex-end",
                    }
                  }
                >
                  <View
                    style={
                      Object {
                        "alignItems": "flex-end",
                        "flexDirection": "row",
                      }
                    }
                  >
                    <Text
                      style={
                        Object {
                          "color": "#fff",
                          "fontSize": 50,
                          "fontWeight": "bold",
                        }
                      }
                    >
                      £32,344
                    </Text>
                    <Text
                      style={
                        Object {
                          "color": "#fff",
                          "fontSize": 40,
                          "paddingBottom": 1,
                        }
                      }
                      testID="decimal"
                    >
                      .
                      22
                    </Text>
                  </View>
                </View>
              </View>
            </Button>
          </View>
          <View
            style={
              Array [
                Object {
                  "backgroundColor": "#fff",
                  "borderRadius": 5,
                  "elevation": 2,
                  "marginHorizontal": 10,
                  "marginVertical": 5,
                  "padding": 10,
                  "shadowColor": "#ccc",
                  "shadowOffset": Object {
                    "height": 3,
                    "width": 0,
                  },
                  "shadowOpacity": 1,
                  "shadowRadius": 5,
                },
                Object {
                  "backgroundColor": "#039be5",
                  "marginVertical": 5,
                  "minHeight": 197,
                  "padding": 0,
                },
              ]
            }
          >
            <Button
              style={
                Object {
                  "flex": 1,
                  "padding": 10,
                }
              }
              testID="accountClick"
            >
              <View
                style={
                  Object {
                    "flex": 1,
                    "justifyContent": "space-between",
                  }
                }
              >
                <View>
                  <Text
                    style={
                      Object {
                        "color": "#fff",
                        "fontSize": 32,
                      }
                    }
                  >
                    Savings Account
                  </Text>
                  <Text
                    style={
                      Object {
                        "color": "#fff",
                        "fontSize": 24,
                      }
                    }
                  >
                    ABCTR050000 678904455
                  </Text>
                </View>
                <View
                  style={
                    Object {
                      "alignSelf": "flex-end",
                    }
                  }
                >
                  <View
                    style={
                      Object {
                        "alignItems": "flex-end",
                        "flexDirection": "row",
                      }
                    }
                  >
                    <Text
                      style={
                        Object {
                          "color": "#fff",
                          "fontSize": 50,
                          "fontWeight": "bold",
                        }
                      }
                    >
                      £456
                    </Text>
                    <Text
                      style={
                        Object {
                          "color": "#fff",
                          "fontSize": 40,
                          "paddingBottom": 1,
                        }
                      }
                      testID="decimal"
                    >
                      .
                      22
                    </Text>
                  </View>
                </View>
              </View>
            </Button>
          </View>
        </View>
      </ScrollView>
    </View>
  </View>
</View>
`;
